******************************************************************************
               TMS320C6x Linker Unix v7.4.5                    
******************************************************************************
>> Linked Fri Jan 30 12:46:33 2015

OUTPUT FILE NAME:   <test_qdma_area2_4.out>
ENTRY POINT SYMBOL: "_c_int00"  address: 862c1620


MEMORY CONFIGURATION

         name            origin    length      used     unused   attr    fill
----------------------  --------  ---------  --------  --------  ----  --------
  L1DSRAM               10f04000   0000c000  00000000  0000c000  RWIX
  MLB_SYSCALLS          86001000   00001000  000000d8  00000f28  RWIX
  AREA_COM              862c0000   00000040  00000034  0000000c  RWIX
  AREA_RAM              862c0040   0003ffc0  00001798  0003e828  RWIX


SECTION ALLOCATION MAP

 output                                  attributes/
section   page    origin      length       input sections
--------  ----  ----------  ----------   ----------------
.vers      0    00000000    00000000     COPY SECTION

.pinit     0    862c0040    00000000     UNINITIALIZED

.sec_mlb_syscalls 
*          0    86001000    000000d8     UNINITIALIZED
                  86001000    000000d8     test_qdma.o64 (.sec_mlb_syscalls)

.sec_com   0    862c0000    00000034     UNINITIALIZED
                  862c0000    00000034     test_qdma.o64 (.sec_com)

.bss       0    862c0040    00000000     UNINITIALIZED

.data      0    862c0040    00000000     UNINITIALIZED

.stack     0    862c0040    00001000     UNINITIALIZED
                  862c0040    00000008     rts64plus.lib : boot.obj (.stack)
                  862c0048    00000ff8     --HOLE--

.text      0    862c1040    00000720     
                  862c1040    000002c0     test_qdma.o64 (.text)
                  862c1300    000000c0     rts64plus.lib : autoinit.obj (.text:__auto_init)
                  862c13c0    000000c0                   : exit.obj (.text:_exit)
                  862c1480    000000a0                   : cpy_tbl.obj (.text:_copy_in)
                  862c1520    000000a0                   : memcpy64.obj (.text:_memcpy)
                  862c15c0    00000060                   : cpp_init.obj (.text:___TI_cpp_init)
                  862c1620    00000060                   : boot.obj (.text:_c_int00)
                  862c1680    00000040                   : args_main.obj (.text:__args_main)
                  862c16c0    00000040                   : call_stub.obj (.text:__call_stub)
                  862c1700    00000020                   : push.obj (.text:__pop_rts)
                  862c1720    00000020                   : push.obj (.text:__push_rts)
                  862c1740    00000020                   : exit.obj (.text:_abort)

.cinit     0    862c1760    0000005c     
                  862c1760    0000002c     rts64plus.lib : exit.obj (.cinit)
                  862c178c    00000004     --HOLE-- [fill = 0]
                  862c1790    00000022     test_qdma.o64 (.cinit)
                  862c17b2    00000006     --HOLE-- [fill = 0]
                  862c17b8    00000004     (.pad.cinit) [fill = 0]

.switch    0    862c17bc    00000010     
                  862c17bc    00000010     test_qdma.o64 (.switch:_loc_exec)

.far       0    862c17cc    0000000c     UNINITIALIZED
                  862c17cc    0000000c     rts64plus.lib : exit.obj (.far)


GLOBAL SYMBOLS: SORTED ALPHABETICALLY BY Name 

address    name
--------   ----
862c0040   $bss
862c0040   .bss
862c0040   .data
862c1040   .text
862c1740   C$$EXIT
862c0040   GBL_stackbeg
862c103f   GBL_stackend
862c1038   _HWI_STKBOTTOM
862c0040   _HWI_STKTOP
862c1040   __STACK_END
00001000   __STACK_SIZE
00000001   __TI_args_main
862c15c0   ___TI_cpp_init
862c17d4   ___TI_enable_exit_profile_output
ffffffff   ___TI_pprof_out_hndl
ffffffff   ___TI_prof_data_size
ffffffff   ___TI_prof_data_start
ffffffff   ___binit__
862c0040   ___bss__
ffffffff   ___c_args__
862c1760   ___cinit__
862c0040   ___data__
862c0040   ___edata__
862c0040   ___end__
862c1760   ___etext__
ffffffff   ___pinit__
862c1040   ___text__
862c1680   __args_main
862c1300   __auto_init
862c16c0   __c6xabi_call_stub
862c1700   __c6xabi_pop_rts
862c1720   __c6xabi_push_rts
862c16c0   __call_stub
862c17cc   __cleanup_ptr
862c17d0   __dtors_ptr
862c1700   __pop_rts
862c1720   __push_rts
862c0040   __stack
862c1740   _abort
862c1620   _c_int00
862c0000   _component_test_qdma
862c1480   _copy_in
862c13c0   _exit
862c12f8   _main
862c1520   _memcpy
86001000   _syscalls
ffffffff   binit
862c1760   cinit
862c0040   edata
862c0040   end
862c1760   etext
ffffffff   pinit


GLOBAL SYMBOLS: SORTED BY Symbol Address 

address    name
--------   ----
00000001   __TI_args_main
00001000   __STACK_SIZE
86001000   _syscalls
862c0000   _component_test_qdma
862c0040   $bss
862c0040   .bss
862c0040   .data
862c0040   GBL_stackbeg
862c0040   _HWI_STKTOP
862c0040   ___bss__
862c0040   ___data__
862c0040   ___edata__
862c0040   ___end__
862c0040   __stack
862c0040   edata
862c0040   end
862c1038   _HWI_STKBOTTOM
862c103f   GBL_stackend
862c1040   .text
862c1040   __STACK_END
862c1040   ___text__
862c12f8   _main
862c1300   __auto_init
862c13c0   _exit
862c1480   _copy_in
862c1520   _memcpy
862c15c0   ___TI_cpp_init
862c1620   _c_int00
862c1680   __args_main
862c16c0   __c6xabi_call_stub
862c16c0   __call_stub
862c1700   __c6xabi_pop_rts
862c1700   __pop_rts
862c1720   __c6xabi_push_rts
862c1720   __push_rts
862c1740   C$$EXIT
862c1740   _abort
862c1760   ___cinit__
862c1760   ___etext__
862c1760   cinit
862c1760   etext
862c17cc   __cleanup_ptr
862c17d0   __dtors_ptr
862c17d4   ___TI_enable_exit_profile_output
ffffffff   ___TI_pprof_out_hndl
ffffffff   ___TI_prof_data_size
ffffffff   ___TI_prof_data_start
ffffffff   ___binit__
ffffffff   ___c_args__
ffffffff   ___pinit__
ffffffff   binit
ffffffff   pinit

[52 symbols]
