******************************************************************************
               TMS320C6x Linker Unix v7.4.5                    
******************************************************************************
>> Linked Fri Jan 17 15:11:50 2014

OUTPUT FILE NAME:   <test_qdma_area2_2.out>
ENTRY POINT SYMBOL: "_c_int00"  address: 86241620


MEMORY CONFIGURATION

         name            origin    length      used     unused   attr    fill
----------------------  --------  ---------  --------  --------  ----  --------
  L1DSRAM               10f04000   0000c000  00000000  0000c000  RWIX
  MLB_SYSCALLS          86001000   00001000  000000d8  00000f28  RWIX
  AREA_COM              86240000   00000040  00000034  0000000c  RWIX
  AREA_RAM              86240040   0003ffc0  00001798  0003e828  RWIX


SECTION ALLOCATION MAP

 output                                  attributes/
section   page    origin      length       input sections
--------  ----  ----------  ----------   ----------------
.vers      0    00000000    00000000     COPY SECTION

.pinit     0    86240040    00000000     UNINITIALIZED

.sec_mlb_syscalls 
*          0    86001000    000000d8     UNINITIALIZED
                  86001000    000000d8     test_qdma.o64 (.sec_mlb_syscalls)

.sec_com   0    86240000    00000034     UNINITIALIZED
                  86240000    00000034     test_qdma.o64 (.sec_com)

.bss       0    86240040    00000000     UNINITIALIZED

.data      0    86240040    00000000     UNINITIALIZED

.stack     0    86240040    00001000     UNINITIALIZED
                  86240040    00000008     rts64plus.lib : boot.obj (.stack)
                  86240048    00000ff8     --HOLE--

.text      0    86241040    00000720     
                  86241040    000002c0     test_qdma.o64 (.text)
                  86241300    000000c0     rts64plus.lib : autoinit.obj (.text:__auto_init)
                  862413c0    000000c0                   : exit.obj (.text:_exit)
                  86241480    000000a0                   : cpy_tbl.obj (.text:_copy_in)
                  86241520    000000a0                   : memcpy64.obj (.text:_memcpy)
                  862415c0    00000060                   : cpp_init.obj (.text:___TI_cpp_init)
                  86241620    00000060                   : boot.obj (.text:_c_int00)
                  86241680    00000040                   : args_main.obj (.text:__args_main)
                  862416c0    00000040                   : call_stub.obj (.text:__call_stub)
                  86241700    00000020                   : push.obj (.text:__pop_rts)
                  86241720    00000020                   : push.obj (.text:__push_rts)
                  86241740    00000020                   : exit.obj (.text:_abort)

.cinit     0    86241760    0000005c     
                  86241760    0000002c     rts64plus.lib : exit.obj (.cinit)
                  8624178c    00000004     --HOLE-- [fill = 0]
                  86241790    00000022     test_qdma.o64 (.cinit)
                  862417b2    00000006     --HOLE-- [fill = 0]
                  862417b8    00000004     (.pad.cinit) [fill = 0]

.switch    0    862417bc    00000010     
                  862417bc    00000010     test_qdma.o64 (.switch:_loc_exec)

.far       0    862417cc    0000000c     UNINITIALIZED
                  862417cc    0000000c     rts64plus.lib : exit.obj (.far)


GLOBAL SYMBOLS: SORTED ALPHABETICALLY BY Name 

address    name
--------   ----
86240040   $bss
86240040   .bss
86240040   .data
86241040   .text
86241740   C$$EXIT
86240040   GBL_stackbeg
8624103f   GBL_stackend
86241038   _HWI_STKBOTTOM
86240040   _HWI_STKTOP
86241040   __STACK_END
00001000   __STACK_SIZE
00000001   __TI_args_main
862415c0   ___TI_cpp_init
862417d4   ___TI_enable_exit_profile_output
ffffffff   ___TI_pprof_out_hndl
ffffffff   ___TI_prof_data_size
ffffffff   ___TI_prof_data_start
ffffffff   ___binit__
86240040   ___bss__
ffffffff   ___c_args__
86241760   ___cinit__
86240040   ___data__
86240040   ___edata__
86240040   ___end__
86241760   ___etext__
ffffffff   ___pinit__
86241040   ___text__
86241680   __args_main
86241300   __auto_init
862416c0   __c6xabi_call_stub
86241700   __c6xabi_pop_rts
86241720   __c6xabi_push_rts
862416c0   __call_stub
862417cc   __cleanup_ptr
862417d0   __dtors_ptr
86241700   __pop_rts
86241720   __push_rts
86240040   __stack
86241740   _abort
86241620   _c_int00
86240000   _component_test_qdma
86241480   _copy_in
862413c0   _exit
862412f8   _main
86241520   _memcpy
86001000   _syscalls
ffffffff   binit
86241760   cinit
86240040   edata
86240040   end
86241760   etext
ffffffff   pinit


GLOBAL SYMBOLS: SORTED BY Symbol Address 

address    name
--------   ----
00000001   __TI_args_main
00001000   __STACK_SIZE
86001000   _syscalls
86240000   _component_test_qdma
86240040   $bss
86240040   .bss
86240040   .data
86240040   GBL_stackbeg
86240040   _HWI_STKTOP
86240040   ___bss__
86240040   ___data__
86240040   ___edata__
86240040   ___end__
86240040   __stack
86240040   edata
86240040   end
86241038   _HWI_STKBOTTOM
8624103f   GBL_stackend
86241040   .text
86241040   __STACK_END
86241040   ___text__
862412f8   _main
86241300   __auto_init
862413c0   _exit
86241480   _copy_in
86241520   _memcpy
862415c0   ___TI_cpp_init
86241620   _c_int00
86241680   __args_main
862416c0   __c6xabi_call_stub
862416c0   __call_stub
86241700   __c6xabi_pop_rts
86241700   __pop_rts
86241720   __c6xabi_push_rts
86241720   __push_rts
86241740   C$$EXIT
86241740   _abort
86241760   ___cinit__
86241760   ___etext__
86241760   cinit
86241760   etext
862417cc   __cleanup_ptr
862417d0   __dtors_ptr
862417d4   ___TI_enable_exit_profile_output
ffffffff   ___TI_pprof_out_hndl
ffffffff   ___TI_prof_data_size
ffffffff   ___TI_prof_data_start
ffffffff   ___binit__
ffffffff   ___c_args__
ffffffff   ___pinit__
ffffffff   binit
ffffffff   pinit

[52 symbols]
