******************************************************************************
               TMS320C6x Linker Unix v7.4.5                    
******************************************************************************
>> Linked Fri Jan 30 12:46:32 2015

OUTPUT FILE NAME:   <demo_checksum_area2_4.out>
ENTRY POINT SYMBOL: "_c_int00"  address: 862c1b60


MEMORY CONFIGURATION

         name            origin    length      used     unused   attr    fill
----------------------  --------  ---------  --------  --------  ----  --------
  L1DSRAM               10f04000   0000c000  00000000  0000c000  RWIX
  MLB_SYSCALLS          86001000   00001000  000000d8  00000f28  RWIX
  AREA_COM              862c0000   00000040  00000034  0000000c  RWIX
  AREA_RAM              862c0040   0003ffc0  00001c80  0003e340  RWIX


SECTION ALLOCATION MAP

 output                                  attributes/
section   page    origin      length       input sections
--------  ----  ----------  ----------   ----------------
.vers      0    00000000    00000000     COPY SECTION

.pinit     0    862c0040    00000000     UNINITIALIZED

.sec_mlb_syscalls 
*          0    86001000    000000d8     UNINITIALIZED
                  86001000    000000d8     demo_checksum.o64 (.sec_mlb_syscalls)

.sec_com   0    862c0000    00000034     UNINITIALIZED
                  862c0000    00000034     demo_checksum.o64 (.sec_com)

.bss       0    862c0040    00000000     UNINITIALIZED

.data      0    862c0040    00000000     UNINITIALIZED

.stack     0    862c0040    00001000     UNINITIALIZED
                  862c0040    00000008     rts64plus.lib : boot.obj (.stack)
                  862c0048    00000ff8     --HOLE--

.text      0    862c1040    00000be0     
                  862c1040    00000800     demo_checksum.o64 (.text)
                  862c1840    000000c0     rts64plus.lib : autoinit.obj (.text:__auto_init)
                  862c1900    000000c0                   : exit.obj (.text:_exit)
                  862c19c0    000000a0                   : cpy_tbl.obj (.text:_copy_in)
                  862c1a60    000000a0                   : memcpy64.obj (.text:_memcpy)
                  862c1b00    00000060                   : cpp_init.obj (.text:___TI_cpp_init)
                  862c1b60    00000060                   : boot.obj (.text:_c_int00)
                  862c1bc0    00000040                   : args_main.obj (.text:__args_main)
                  862c1c00    00000020                   : exit.obj (.text:_abort)

.cinit     0    862c1c20    0000006c     
                  862c1c20    00000036     demo_checksum.o64 (.cinit)
                  862c1c56    00000002     --HOLE-- [fill = 0]
                  862c1c58    0000002c     rts64plus.lib : exit.obj (.cinit)
                  862c1c84    00000004     --HOLE-- [fill = 0]
                  862c1c88    00000004     (.pad.cinit) [fill = 0]

.switch    0    862c1c8c    00000024     
                  862c1c8c    00000024     demo_checksum.o64 (.switch:_loc_exec)

.far       0    862c1cb0    00000010     UNINITIALIZED
                  862c1cb0    0000000c     rts64plus.lib : exit.obj (.far)
                  862c1cbc    00000004     demo_checksum.o64 (.far)


GLOBAL SYMBOLS: SORTED ALPHABETICALLY BY Name 

address    name
--------   ----
862c0040   $bss
862c0040   .bss
862c0040   .data
862c1040   .text
862c1c00   C$$EXIT
862c0040   GBL_stackbeg
862c103f   GBL_stackend
862c1038   _HWI_STKBOTTOM
862c0040   _HWI_STKTOP
862c1040   __STACK_END
00001000   __STACK_SIZE
00000001   __TI_args_main
862c1b00   ___TI_cpp_init
862c1cb8   ___TI_enable_exit_profile_output
ffffffff   ___TI_pprof_out_hndl
ffffffff   ___TI_prof_data_size
ffffffff   ___TI_prof_data_start
ffffffff   ___binit__
862c0040   ___bss__
ffffffff   ___c_args__
862c1c20   ___cinit__
862c0040   ___data__
862c0040   ___edata__
862c0040   ___end__
862c1c20   ___etext__
ffffffff   ___pinit__
862c1040   ___text__
862c1bc0   __args_main
862c1840   __auto_init
862c1cb0   __cleanup_ptr
862c1cb4   __dtors_ptr
862c0040   __stack
862c1c00   _abort
862c1b60   _c_int00
862c0000   _component_demo_checksum
862c19c0   _copy_in
862c1900   _exit
862c1834   _main
862c1a60   _memcpy
86001000   _syscalls
ffffffff   binit
862c1c20   cinit
862c0040   edata
862c0040   end
862c1c20   etext
ffffffff   pinit


GLOBAL SYMBOLS: SORTED BY Symbol Address 

address    name
--------   ----
00000001   __TI_args_main
00001000   __STACK_SIZE
86001000   _syscalls
862c0000   _component_demo_checksum
862c0040   $bss
862c0040   .bss
862c0040   .data
862c0040   GBL_stackbeg
862c0040   _HWI_STKTOP
862c0040   ___bss__
862c0040   ___data__
862c0040   ___edata__
862c0040   ___end__
862c0040   __stack
862c0040   edata
862c0040   end
862c1038   _HWI_STKBOTTOM
862c103f   GBL_stackend
862c1040   .text
862c1040   __STACK_END
862c1040   ___text__
862c1834   _main
862c1840   __auto_init
862c1900   _exit
862c19c0   _copy_in
862c1a60   _memcpy
862c1b00   ___TI_cpp_init
862c1b60   _c_int00
862c1bc0   __args_main
862c1c00   C$$EXIT
862c1c00   _abort
862c1c20   ___cinit__
862c1c20   ___etext__
862c1c20   cinit
862c1c20   etext
862c1cb0   __cleanup_ptr
862c1cb4   __dtors_ptr
862c1cb8   ___TI_enable_exit_profile_output
ffffffff   ___TI_pprof_out_hndl
ffffffff   ___TI_prof_data_size
ffffffff   ___TI_prof_data_start
ffffffff   ___binit__
ffffffff   ___c_args__
ffffffff   ___pinit__
ffffffff   binit
ffffffff   pinit

[46 symbols]
