******************************************************************************
               TMS320C6x Linker Unix v7.4.5                    
******************************************************************************
>> Linked Fri Jan 17 15:11:48 2014

OUTPUT FILE NAME:   <demo_calc_area2_2.out>
ENTRY POINT SYMBOL: "_c_int00"  address: 86241520


MEMORY CONFIGURATION

         name            origin    length      used     unused   attr    fill
----------------------  --------  ---------  --------  --------  ----  --------
  L1DSRAM               10f04000   0000c000  00000000  0000c000  RWIX
  MLB_SYSCALLS          86001000   00001000  000000d8  00000f28  RWIX
  AREA_COM              86240000   00000040  00000034  0000000c  RWIX
  AREA_RAM              86240040   0003ffc0  00001618  0003e9a8  RWIX


SECTION ALLOCATION MAP

 output                                  attributes/
section   page    origin      length       input sections
--------  ----  ----------  ----------   ----------------
.vers      0    00000000    00000000     COPY SECTION

.pinit     0    86240040    00000000     UNINITIALIZED

.sec_mlb_syscalls 
*          0    86001000    000000d8     UNINITIALIZED
                  86001000    000000d8     demo_calc.o64 (.sec_mlb_syscalls)

.sec_com   0    86240000    00000034     UNINITIALIZED
                  86240000    00000034     demo_calc.o64 (.sec_com)

.bss       0    86240040    00000000     UNINITIALIZED

.data      0    86240040    00000000     UNINITIALIZED

.stack     0    86240040    00001000     UNINITIALIZED
                  86240040    00000008     rts64plus.lib : boot.obj (.stack)
                  86240048    00000ff8     --HOLE--

.text      0    86241040    000005a0     
                  86241040    000000e0     rts64plus.lib : divi.obj (.text:__divi)
                  86241120    000000e0     demo_calc.o64 (.text)
                  86241200    000000c0     rts64plus.lib : autoinit.obj (.text:__auto_init)
                  862412c0    000000c0                   : exit.obj (.text:_exit)
                  86241380    000000a0                   : cpy_tbl.obj (.text:_copy_in)
                  86241420    000000a0                   : memcpy64.obj (.text:_memcpy)
                  862414c0    00000060                   : cpp_init.obj (.text:___TI_cpp_init)
                  86241520    00000060                   : boot.obj (.text:_c_int00)
                  86241580    00000040                   : args_main.obj (.text:__args_main)
                  862415c0    00000020                   : exit.obj (.text:_abort)

.cinit     0    862415e0    0000005c     
                  862415e0    0000002c     rts64plus.lib : exit.obj (.cinit)
                  8624160c    00000004     --HOLE-- [fill = 0]
                  86241610    00000022     demo_calc.o64 (.cinit)
                  86241632    00000006     --HOLE-- [fill = 0]
                  86241638    00000004     (.pad.cinit) [fill = 0]

.switch    0    8624163c    00000010     
                  8624163c    00000010     demo_calc.o64 (.switch:_loc_exec)

.far       0    8624164c    0000000c     UNINITIALIZED
                  8624164c    0000000c     rts64plus.lib : exit.obj (.far)


GLOBAL SYMBOLS: SORTED ALPHABETICALLY BY Name 

address    name
--------   ----
86240040   $bss
86240040   .bss
86240040   .data
86241040   .text
862415c0   C$$EXIT
86240040   GBL_stackbeg
8624103f   GBL_stackend
86241038   _HWI_STKBOTTOM
86240040   _HWI_STKTOP
86241040   __STACK_END
00001000   __STACK_SIZE
00000001   __TI_args_main
862414c0   ___TI_cpp_init
86241654   ___TI_enable_exit_profile_output
ffffffff   ___TI_pprof_out_hndl
ffffffff   ___TI_prof_data_size
ffffffff   ___TI_prof_data_start
ffffffff   ___binit__
86240040   ___bss__
ffffffff   ___c_args__
862415e0   ___cinit__
86240040   ___data__
86240040   ___edata__
86240040   ___end__
862415e0   ___etext__
ffffffff   ___pinit__
86241040   ___text__
86241580   __args_main
86241200   __auto_init
86241040   __c6xabi_divi
8624164c   __cleanup_ptr
86241040   __divi
86241650   __dtors_ptr
86240040   __stack
862415c0   _abort
86241520   _c_int00
86240000   _component_demo_calc
86241380   _copy_in
862412c0   _exit
862411e0   _main
86241420   _memcpy
86001000   _syscalls
ffffffff   binit
862415e0   cinit
86240040   edata
86240040   end
862415e0   etext
ffffffff   pinit


GLOBAL SYMBOLS: SORTED BY Symbol Address 

address    name
--------   ----
00000001   __TI_args_main
00001000   __STACK_SIZE
86001000   _syscalls
86240000   _component_demo_calc
86240040   $bss
86240040   .bss
86240040   .data
86240040   GBL_stackbeg
86240040   _HWI_STKTOP
86240040   ___bss__
86240040   ___data__
86240040   ___edata__
86240040   ___end__
86240040   __stack
86240040   edata
86240040   end
86241038   _HWI_STKBOTTOM
8624103f   GBL_stackend
86241040   .text
86241040   __STACK_END
86241040   ___text__
86241040   __c6xabi_divi
86241040   __divi
862411e0   _main
86241200   __auto_init
862412c0   _exit
86241380   _copy_in
86241420   _memcpy
862414c0   ___TI_cpp_init
86241520   _c_int00
86241580   __args_main
862415c0   C$$EXIT
862415c0   _abort
862415e0   ___cinit__
862415e0   ___etext__
862415e0   cinit
862415e0   etext
8624164c   __cleanup_ptr
86241650   __dtors_ptr
86241654   ___TI_enable_exit_profile_output
ffffffff   ___TI_pprof_out_hndl
ffffffff   ___TI_prof_data_size
ffffffff   ___TI_prof_data_start
ffffffff   ___binit__
ffffffff   ___c_args__
ffffffff   ___pinit__
ffffffff   binit
ffffffff   pinit

[48 symbols]
