******************************************************************************
               TMS320C6x Linker Unix v7.4.5                    
******************************************************************************
>> Linked Fri Jan 30 12:46:33 2015

OUTPUT FILE NAME:   <test_logbuf_area2_1.out>
ENTRY POINT SYMBOL: "_c_int00"  address: 86201700


MEMORY CONFIGURATION

         name            origin    length      used     unused   attr    fill
----------------------  --------  ---------  --------  --------  ----  --------
  L1DSRAM               10f04000   0000c000  00000000  0000c000  RWIX
  MLB_SYSCALLS          86001000   00001000  000000d8  00000f28  RWIX
  AREA_COM              86200000   00000040  00000034  0000000c  RWIX
  AREA_RAM              86200040   0003ffc0  00001942  0003e67e  RWIX


SECTION ALLOCATION MAP

 output                                  attributes/
section   page    origin      length       input sections
--------  ----  ----------  ----------   ----------------
.vers      0    00000000    00000000     COPY SECTION

.pinit     0    86200040    00000000     UNINITIALIZED

.sec_mlb_syscalls 
*          0    86001000    000000d8     UNINITIALIZED
                  86001000    000000d8     test_logbuf.o64 (.sec_mlb_syscalls)

.sec_com   0    86200000    00000034     UNINITIALIZED
                  86200000    00000034     test_logbuf.o64 (.sec_com)

.bss       0    86200040    00000000     UNINITIALIZED

.data      0    86200040    00000000     UNINITIALIZED

.stack     0    86200040    00001000     UNINITIALIZED
                  86200040    00000008     rts64plus.lib : boot.obj (.stack)
                  86200048    00000ff8     --HOLE--

.text      0    86201040    000007c0     
                  86201040    000002c0     test_logbuf.o64 (.text)
                  86201300    000000e0     fastrts64x.lib : addsp.obj (.text)
                  862013e0    000000c0     rts64plus.lib : autoinit.obj (.text:__auto_init)
                  862014a0    000000c0                   : exit.obj (.text:_exit)
                  86201560    000000a0                   : cpy_tbl.obj (.text:_copy_in)
                  86201600    000000a0                   : memcpy64.obj (.text:_memcpy)
                  862016a0    00000060                   : cpp_init.obj (.text:___TI_cpp_init)
                  86201700    00000060                   : boot.obj (.text:_c_int00)
                  86201760    00000040                   : args_main.obj (.text:__args_main)
                  862017a0    00000040     fastrts64x.lib : spdp.obj (.text)
                  862017e0    00000020     rts64plus.lib : exit.obj (.text:_abort)

.const     0    86201800    000000d6     
                  86201800    000000d6     test_logbuf.o64 (.const:.string)

.cinit     0    862018d8    0000007c     
                  862018d8    00000044     test_logbuf.o64 (.cinit)
                  8620191c    00000004     --HOLE-- [fill = 0]
                  86201920    0000002c     rts64plus.lib : exit.obj (.cinit)
                  8620194c    00000004     --HOLE-- [fill = 0]
                  86201950    00000004     (.pad.cinit) [fill = 0]

.switch    0    86201954    0000001c     
                  86201954    0000001c     test_logbuf.o64 (.switch:_loc_exec)

.far       0    86201970    00000014     UNINITIALIZED
                  86201970    0000000c     rts64plus.lib : exit.obj (.far)
                  8620197c    00000008     test_logbuf.o64 (.far)


GLOBAL SYMBOLS: SORTED ALPHABETICALLY BY Name 

address    name
--------   ----
86200040   $bss
86200040   .bss
86200040   .data
86201040   .text
862017e0   C$$EXIT
86200040   GBL_stackbeg
8620103f   GBL_stackend
86201038   _HWI_STKBOTTOM
86200040   _HWI_STKTOP
86201040   __STACK_END
00001000   __STACK_SIZE
00000001   __TI_args_main
862016a0   ___TI_cpp_init
86201978   ___TI_enable_exit_profile_output
ffffffff   ___TI_pprof_out_hndl
ffffffff   ___TI_prof_data_size
ffffffff   ___TI_prof_data_start
ffffffff   ___binit__
86200040   ___bss__
ffffffff   ___c_args__
862018d8   ___cinit__
86200040   ___data__
86200040   ___edata__
86200040   ___end__
86201800   ___etext__
ffffffff   ___pinit__
86201040   ___text__
86201310   __addf
86201760   __args_main
862013e0   __auto_init
86201970   __cleanup_ptr
862017a0   __cvtfd
86201974   __dtors_ptr
86200040   __stack
86201300   __subf
862017e0   _abort
86201310   _addsp
86201700   _c_int00
86201980   _cnt_f
8620197c   _cnt_i
86200000   _component_test_logbuf
86201560   _copy_in
862014a0   _exit
862012f0   _main
86201600   _memcpy
862017a0   _spdp
86201300   _subsp
86001000   _syscalls
ffffffff   binit
862018d8   cinit
86200040   edata
86200040   end
86201800   etext
ffffffff   pinit


GLOBAL SYMBOLS: SORTED BY Symbol Address 

address    name
--------   ----
00000001   __TI_args_main
00001000   __STACK_SIZE
86001000   _syscalls
86200000   _component_test_logbuf
86200040   $bss
86200040   .bss
86200040   .data
86200040   GBL_stackbeg
86200040   _HWI_STKTOP
86200040   ___bss__
86200040   ___data__
86200040   ___edata__
86200040   ___end__
86200040   __stack
86200040   edata
86200040   end
86201038   _HWI_STKBOTTOM
8620103f   GBL_stackend
86201040   .text
86201040   __STACK_END
86201040   ___text__
862012f0   _main
86201300   __subf
86201300   _subsp
86201310   __addf
86201310   _addsp
862013e0   __auto_init
862014a0   _exit
86201560   _copy_in
86201600   _memcpy
862016a0   ___TI_cpp_init
86201700   _c_int00
86201760   __args_main
862017a0   __cvtfd
862017a0   _spdp
862017e0   C$$EXIT
862017e0   _abort
86201800   ___etext__
86201800   etext
862018d8   ___cinit__
862018d8   cinit
86201970   __cleanup_ptr
86201974   __dtors_ptr
86201978   ___TI_enable_exit_profile_output
8620197c   _cnt_i
86201980   _cnt_f
ffffffff   ___TI_pprof_out_hndl
ffffffff   ___TI_prof_data_size
ffffffff   ___TI_prof_data_start
ffffffff   ___binit__
ffffffff   ___c_args__
ffffffff   ___pinit__
ffffffff   binit
ffffffff   pinit

[54 symbols]
