******************************************************************************
               TMS320C6x Linker Unix v7.4.5                    
******************************************************************************
>> Linked Fri Jan 17 15:11:49 2014

OUTPUT FILE NAME:   <demo_calc_fastcall_area2_4.out>
ENTRY POINT SYMBOL: "_c_int00"  address: 862c1580


MEMORY CONFIGURATION

         name            origin    length      used     unused   attr    fill
----------------------  --------  ---------  --------  --------  ----  --------
  L1DSRAM               10f04000   0000c000  00000000  0000c000  RWIX
  MLB_SYSCALLS          86001000   00001000  000000d8  00000f28  RWIX
  AREA_COM              862c0000   00000040  00000034  0000000c  RWIX
  AREA_RAM              862c0040   0003ffc0  00001680  0003e940  RWIX


SECTION ALLOCATION MAP

 output                                  attributes/
section   page    origin      length       input sections
--------  ----  ----------  ----------   ----------------
.vers      0    00000000    00000000     COPY SECTION

.pinit     0    862c0040    00000000     UNINITIALIZED

.sec_mlb_syscalls 
*          0    86001000    000000d8     UNINITIALIZED
                  86001000    000000d8     demo_calc_fastcall.o64 (.sec_mlb_syscalls)

.sec_com   0    862c0000    00000034     UNINITIALIZED
                  862c0000    00000034     demo_calc_fastcall.o64 (.sec_com)

.bss       0    862c0040    00000000     UNINITIALIZED

.data      0    862c0040    00000000     UNINITIALIZED

.stack     0    862c0040    00001000     UNINITIALIZED
                  862c0040    00000008     rts64plus.lib : boot.obj (.stack)
                  862c0048    00000ff8     --HOLE--

.text      0    862c1040    00000600     
                  862c1040    00000140     demo_calc_fastcall.o64 (.text)
                  862c1180    000000e0     rts64plus.lib : divi.obj (.text:__divi)
                  862c1260    000000c0                   : autoinit.obj (.text:__auto_init)
                  862c1320    000000c0                   : exit.obj (.text:_exit)
                  862c13e0    000000a0                   : cpy_tbl.obj (.text:_copy_in)
                  862c1480    000000a0                   : memcpy64.obj (.text:_memcpy)
                  862c1520    00000060                   : cpp_init.obj (.text:___TI_cpp_init)
                  862c1580    00000060                   : boot.obj (.text:_c_int00)
                  862c15e0    00000040                   : args_main.obj (.text:__args_main)
                  862c1620    00000020                   : exit.obj (.text:_abort)

.cinit     0    862c1640    00000064     
                  862c1640    0000002c     rts64plus.lib : exit.obj (.cinit)
                  862c166c    00000004     --HOLE-- [fill = 0]
                  862c1670    0000002b     demo_calc_fastcall.o64 (.cinit)
                  862c169b    00000005     --HOLE-- [fill = 0]
                  862c16a0    00000004     (.pad.cinit) [fill = 0]

.switch    0    862c16a4    00000010     
                  862c16a4    00000010     demo_calc_fastcall.o64 (.switch:_loc_exec_fc)

.far       0    862c16b4    0000000c     UNINITIALIZED
                  862c16b4    0000000c     rts64plus.lib : exit.obj (.far)


GLOBAL SYMBOLS: SORTED ALPHABETICALLY BY Name 

address    name
--------   ----
862c0040   $bss
862c0040   .bss
862c0040   .data
862c1040   .text
862c1620   C$$EXIT
862c0040   GBL_stackbeg
862c103f   GBL_stackend
862c1038   _HWI_STKBOTTOM
862c0040   _HWI_STKTOP
862c1040   __STACK_END
00001000   __STACK_SIZE
00000001   __TI_args_main
862c1520   ___TI_cpp_init
862c16bc   ___TI_enable_exit_profile_output
ffffffff   ___TI_pprof_out_hndl
ffffffff   ___TI_prof_data_size
ffffffff   ___TI_prof_data_start
ffffffff   ___binit__
862c0040   ___bss__
ffffffff   ___c_args__
862c1640   ___cinit__
862c0040   ___data__
862c0040   ___edata__
862c0040   ___end__
862c1640   ___etext__
ffffffff   ___pinit__
862c1040   ___text__
862c15e0   __args_main
862c1260   __auto_init
862c1180   __c6xabi_divi
862c16b4   __cleanup_ptr
862c1180   __divi
862c16b8   __dtors_ptr
862c0040   __stack
862c1620   _abort
862c1580   _c_int00
862c0000   _component_demo_calc_fastcall
862c13e0   _copy_in
862c1320   _exit
862c1170   _main
862c1480   _memcpy
86001000   _syscalls
ffffffff   binit
862c1640   cinit
862c0040   edata
862c0040   end
862c1640   etext
ffffffff   pinit


GLOBAL SYMBOLS: SORTED BY Symbol Address 

address    name
--------   ----
00000001   __TI_args_main
00001000   __STACK_SIZE
86001000   _syscalls
862c0000   _component_demo_calc_fastcall
862c0040   $bss
862c0040   .bss
862c0040   .data
862c0040   GBL_stackbeg
862c0040   _HWI_STKTOP
862c0040   ___bss__
862c0040   ___data__
862c0040   ___edata__
862c0040   ___end__
862c0040   __stack
862c0040   edata
862c0040   end
862c1038   _HWI_STKBOTTOM
862c103f   GBL_stackend
862c1040   .text
862c1040   __STACK_END
862c1040   ___text__
862c1170   _main
862c1180   __c6xabi_divi
862c1180   __divi
862c1260   __auto_init
862c1320   _exit
862c13e0   _copy_in
862c1480   _memcpy
862c1520   ___TI_cpp_init
862c1580   _c_int00
862c15e0   __args_main
862c1620   C$$EXIT
862c1620   _abort
862c1640   ___cinit__
862c1640   ___etext__
862c1640   cinit
862c1640   etext
862c16b4   __cleanup_ptr
862c16b8   __dtors_ptr
862c16bc   ___TI_enable_exit_profile_output
ffffffff   ___TI_pprof_out_hndl
ffffffff   ___TI_prof_data_size
ffffffff   ___TI_prof_data_start
ffffffff   ___binit__
ffffffff   ___c_args__
ffffffff   ___pinit__
ffffffff   binit
ffffffff   pinit

[48 symbols]
