******************************************************************************
               TMS320C6x Linker Unix v7.4.5                    
******************************************************************************
>> Linked Wed Dec 11 23:05:47 2013

OUTPUT FILE NAME:   <age_area2_1.out>
ENTRY POINT SYMBOL: "_c_int00"  address: 86201bc0


MEMORY CONFIGURATION

         name            origin    length      used     unused   attr    fill
----------------------  --------  ---------  --------  --------  ----  --------
  L1DSRAM               10f04000   0000c000  00000000  0000c000  RWIX
  MLB_SYSCALLS          86001000   00001000  000000d8  00000f28  RWIX
  AREA_COM              86200000   00000040  00000034  0000000c  RWIX
  AREA_RAM              86200040   0003ffc0  00003318  0003cca8  RWIX


SECTION ALLOCATION MAP

 output                                  attributes/
section   page    origin      length       input sections
--------  ----  ----------  ----------   ----------------
.vers      0    00000000    00000000     COPY SECTION

.pinit     0    86200040    00000000     UNINITIALIZED

.sec_mlb_syscalls 
*          0    86001000    000000d8     UNINITIALIZED
                  86001000    000000d8     age.o64 (.sec_mlb_syscalls)

.sec_com   0    86200000    00000034     UNINITIALIZED
                  86200000    00000034     age.o64 (.sec_com)

.bss       0    86200040    00000000     UNINITIALIZED

.data      0    86200040    00000000     UNINITIALIZED

.text      0    86200040    00001c80     
                  86200040    00000e40     age.o64 (.text)
                  86200e80    00000a20     age_bpl.o64 (.text)
                  862018a0    000000c0     rts64plus.lib : autoinit.obj (.text:__auto_init)
                  86201960    000000c0                   : exit.obj (.text:_exit)
                  86201a20    000000a0                   : cpy_tbl.obj (.text:_copy_in)
                  86201ac0    000000a0                   : memcpy64.obj (.text:_memcpy)
                  86201b60    00000060                   : cpp_init.obj (.text:___TI_cpp_init)
                  86201bc0    00000060                   : boot.obj (.text:_c_int00)
                  86201c20    00000040                   : args_main.obj (.text:__args_main)
                  86201c60    00000040                   : strasg.obj (.text:__strasgi_64plus)
                  86201ca0    00000020                   : exit.obj (.text:_abort)

.stack     0    86201cc0    00001000     UNINITIALIZED
                  86201cc0    00000008     rts64plus.lib : boot.obj (.stack)
                  86201cc8    00000ff8     --HOLE--

.far       0    86202cc0    00000584     UNINITIALIZED
                  86202cc0    0000056c     age.o64 (.far)
                  8620322c    0000000c     age_bpl.o64 (.far)
                  86203238    0000000c     rts64plus.lib : exit.obj (.far)

.switch    0    86203244    000000a8     
                  86203244    000000a8     age.o64 (.switch:_age_dl_parse)

.cinit     0    862032f0    0000006c     
                  862032f0    0000002c     rts64plus.lib : exit.obj (.cinit)
                  8620331c    00000004     --HOLE-- [fill = 0]
                  86203320    0000001c     age.o64 (.cinit)
                  8620333c    00000004     --HOLE-- [fill = 0]
                  86203340    00000014     age_bpl.o64 (.cinit)
                  86203354    00000004     --HOLE-- [fill = 0]
                  86203358    00000004     (.pad.cinit) [fill = 0]


GLOBAL SYMBOLS: SORTED ALPHABETICALLY BY Name 

address    name
--------   ----
86200040   $bss
86200040   .bss
86200040   .data
86200040   .text
86201ca0   C$$EXIT
86201cc0   GBL_stackbeg
86202cbf   GBL_stackend
86202cb8   _HWI_STKBOTTOM
86201cc0   _HWI_STKTOP
86202cc0   __STACK_END
00001000   __STACK_SIZE
00000001   __TI_args_main
86201b60   ___TI_cpp_init
86203240   ___TI_enable_exit_profile_output
ffffffff   ___TI_pprof_out_hndl
ffffffff   ___TI_prof_data_size
ffffffff   ___TI_prof_data_start
ffffffff   ___binit__
86200040   ___bss__
ffffffff   ___c_args__
862032f0   ___cinit__
86200040   ___data__
86200040   ___edata__
86200040   ___end__
86201cc0   ___etext__
ffffffff   ___pinit__
86200040   ___text__
86201c20   __args_main
862018a0   __auto_init
86201c60   __c6xabi_strasgi_64plus
86203238   __cleanup_ptr
8620323c   __dtors_ptr
86201cc0   __stack
86201c60   __strasgi_64plus
86201ca0   _abort
8620044c   _age_dl_parse
86200044   _age_procstate_copytocurrent
8620322c   _age_render_class_argb32_bpl8
86202cc0   _age_state
86203228   _b_preloading_first_scanline
86201bc0   _c_int00
86200000   _component_age
86201a20   _copy_in
86201960   _exit
86200040   _main
86201ac0   _memcpy
86202e28   _next_procstate_colors
86001000   _syscalls
ffffffff   binit
862032f0   cinit
86200040   edata
86200040   end
86201cc0   etext
ffffffff   pinit


GLOBAL SYMBOLS: SORTED BY Symbol Address 

address    name
--------   ----
00000001   __TI_args_main
00001000   __STACK_SIZE
86001000   _syscalls
86200000   _component_age
86200040   $bss
86200040   .bss
86200040   .data
86200040   .text
86200040   ___bss__
86200040   ___data__
86200040   ___edata__
86200040   ___end__
86200040   ___text__
86200040   _main
86200040   edata
86200040   end
86200044   _age_procstate_copytocurrent
8620044c   _age_dl_parse
862018a0   __auto_init
86201960   _exit
86201a20   _copy_in
86201ac0   _memcpy
86201b60   ___TI_cpp_init
86201bc0   _c_int00
86201c20   __args_main
86201c60   __c6xabi_strasgi_64plus
86201c60   __strasgi_64plus
86201ca0   C$$EXIT
86201ca0   _abort
86201cc0   GBL_stackbeg
86201cc0   _HWI_STKTOP
86201cc0   ___etext__
86201cc0   __stack
86201cc0   etext
86202cb8   _HWI_STKBOTTOM
86202cbf   GBL_stackend
86202cc0   __STACK_END
86202cc0   _age_state
86202e28   _next_procstate_colors
86203228   _b_preloading_first_scanline
8620322c   _age_render_class_argb32_bpl8
86203238   __cleanup_ptr
8620323c   __dtors_ptr
86203240   ___TI_enable_exit_profile_output
862032f0   ___cinit__
862032f0   cinit
ffffffff   ___TI_pprof_out_hndl
ffffffff   ___TI_prof_data_size
ffffffff   ___TI_prof_data_start
ffffffff   ___binit__
ffffffff   ___c_args__
ffffffff   ___pinit__
ffffffff   binit
ffffffff   pinit

[54 symbols]
