******************************************************************************
               TMS320C6x Linker Unix v7.4.5                    
******************************************************************************
>> Linked Wed Dec 11 23:05:47 2013

OUTPUT FILE NAME:   <age_area2_2.out>
ENTRY POINT SYMBOL: "_c_int00"  address: 86241bc0


MEMORY CONFIGURATION

         name            origin    length      used     unused   attr    fill
----------------------  --------  ---------  --------  --------  ----  --------
  L1DSRAM               10f04000   0000c000  00000000  0000c000  RWIX
  MLB_SYSCALLS          86001000   00001000  000000d8  00000f28  RWIX
  AREA_COM              86240000   00000040  00000034  0000000c  RWIX
  AREA_RAM              86240040   0003ffc0  00003318  0003cca8  RWIX


SECTION ALLOCATION MAP

 output                                  attributes/
section   page    origin      length       input sections
--------  ----  ----------  ----------   ----------------
.vers      0    00000000    00000000     COPY SECTION

.pinit     0    86240040    00000000     UNINITIALIZED

.sec_mlb_syscalls 
*          0    86001000    000000d8     UNINITIALIZED
                  86001000    000000d8     age.o64 (.sec_mlb_syscalls)

.sec_com   0    86240000    00000034     UNINITIALIZED
                  86240000    00000034     age.o64 (.sec_com)

.bss       0    86240040    00000000     UNINITIALIZED

.data      0    86240040    00000000     UNINITIALIZED

.text      0    86240040    00001c80     
                  86240040    00000e40     age.o64 (.text)
                  86240e80    00000a20     age_bpl.o64 (.text)
                  862418a0    000000c0     rts64plus.lib : autoinit.obj (.text:__auto_init)
                  86241960    000000c0                   : exit.obj (.text:_exit)
                  86241a20    000000a0                   : cpy_tbl.obj (.text:_copy_in)
                  86241ac0    000000a0                   : memcpy64.obj (.text:_memcpy)
                  86241b60    00000060                   : cpp_init.obj (.text:___TI_cpp_init)
                  86241bc0    00000060                   : boot.obj (.text:_c_int00)
                  86241c20    00000040                   : args_main.obj (.text:__args_main)
                  86241c60    00000040                   : strasg.obj (.text:__strasgi_64plus)
                  86241ca0    00000020                   : exit.obj (.text:_abort)

.stack     0    86241cc0    00001000     UNINITIALIZED
                  86241cc0    00000008     rts64plus.lib : boot.obj (.stack)
                  86241cc8    00000ff8     --HOLE--

.far       0    86242cc0    00000584     UNINITIALIZED
                  86242cc0    0000056c     age.o64 (.far)
                  8624322c    0000000c     age_bpl.o64 (.far)
                  86243238    0000000c     rts64plus.lib : exit.obj (.far)

.switch    0    86243244    000000a8     
                  86243244    000000a8     age.o64 (.switch:_age_dl_parse)

.cinit     0    862432f0    0000006c     
                  862432f0    0000002c     rts64plus.lib : exit.obj (.cinit)
                  8624331c    00000004     --HOLE-- [fill = 0]
                  86243320    0000001c     age.o64 (.cinit)
                  8624333c    00000004     --HOLE-- [fill = 0]
                  86243340    00000014     age_bpl.o64 (.cinit)
                  86243354    00000004     --HOLE-- [fill = 0]
                  86243358    00000004     (.pad.cinit) [fill = 0]


GLOBAL SYMBOLS: SORTED ALPHABETICALLY BY Name 

address    name
--------   ----
86240040   $bss
86240040   .bss
86240040   .data
86240040   .text
86241ca0   C$$EXIT
86241cc0   GBL_stackbeg
86242cbf   GBL_stackend
86242cb8   _HWI_STKBOTTOM
86241cc0   _HWI_STKTOP
86242cc0   __STACK_END
00001000   __STACK_SIZE
00000001   __TI_args_main
86241b60   ___TI_cpp_init
86243240   ___TI_enable_exit_profile_output
ffffffff   ___TI_pprof_out_hndl
ffffffff   ___TI_prof_data_size
ffffffff   ___TI_prof_data_start
ffffffff   ___binit__
86240040   ___bss__
ffffffff   ___c_args__
862432f0   ___cinit__
86240040   ___data__
86240040   ___edata__
86240040   ___end__
86241cc0   ___etext__
ffffffff   ___pinit__
86240040   ___text__
86241c20   __args_main
862418a0   __auto_init
86241c60   __c6xabi_strasgi_64plus
86243238   __cleanup_ptr
8624323c   __dtors_ptr
86241cc0   __stack
86241c60   __strasgi_64plus
86241ca0   _abort
8624044c   _age_dl_parse
86240044   _age_procstate_copytocurrent
8624322c   _age_render_class_argb32_bpl8
86242cc0   _age_state
86243228   _b_preloading_first_scanline
86241bc0   _c_int00
86240000   _component_age
86241a20   _copy_in
86241960   _exit
86240040   _main
86241ac0   _memcpy
86242e28   _next_procstate_colors
86001000   _syscalls
ffffffff   binit
862432f0   cinit
86240040   edata
86240040   end
86241cc0   etext
ffffffff   pinit


GLOBAL SYMBOLS: SORTED BY Symbol Address 

address    name
--------   ----
00000001   __TI_args_main
00001000   __STACK_SIZE
86001000   _syscalls
86240000   _component_age
86240040   $bss
86240040   .bss
86240040   .data
86240040   .text
86240040   ___bss__
86240040   ___data__
86240040   ___edata__
86240040   ___end__
86240040   ___text__
86240040   _main
86240040   edata
86240040   end
86240044   _age_procstate_copytocurrent
8624044c   _age_dl_parse
862418a0   __auto_init
86241960   _exit
86241a20   _copy_in
86241ac0   _memcpy
86241b60   ___TI_cpp_init
86241bc0   _c_int00
86241c20   __args_main
86241c60   __c6xabi_strasgi_64plus
86241c60   __strasgi_64plus
86241ca0   C$$EXIT
86241ca0   _abort
86241cc0   GBL_stackbeg
86241cc0   _HWI_STKTOP
86241cc0   ___etext__
86241cc0   __stack
86241cc0   etext
86242cb8   _HWI_STKBOTTOM
86242cbf   GBL_stackend
86242cc0   __STACK_END
86242cc0   _age_state
86242e28   _next_procstate_colors
86243228   _b_preloading_first_scanline
8624322c   _age_render_class_argb32_bpl8
86243238   __cleanup_ptr
8624323c   __dtors_ptr
86243240   ___TI_enable_exit_profile_output
862432f0   ___cinit__
862432f0   cinit
ffffffff   ___TI_pprof_out_hndl
ffffffff   ___TI_prof_data_size
ffffffff   ___TI_prof_data_start
ffffffff   ___binit__
ffffffff   ___c_args__
ffffffff   ___pinit__
ffffffff   binit
ffffffff   pinit

[54 symbols]
