******************************************************************************
               TMS320C6x Linker Unix v7.4.5                    
******************************************************************************
>> Linked Fri Jan 17 15:11:48 2014

OUTPUT FILE NAME:   <demo_calc_area2_1.out>
ENTRY POINT SYMBOL: "_c_int00"  address: 86201520


MEMORY CONFIGURATION

         name            origin    length      used     unused   attr    fill
----------------------  --------  ---------  --------  --------  ----  --------
  L1DSRAM               10f04000   0000c000  00000000  0000c000  RWIX
  MLB_SYSCALLS          86001000   00001000  000000d8  00000f28  RWIX
  AREA_COM              86200000   00000040  00000034  0000000c  RWIX
  AREA_RAM              86200040   0003ffc0  00001618  0003e9a8  RWIX


SECTION ALLOCATION MAP

 output                                  attributes/
section   page    origin      length       input sections
--------  ----  ----------  ----------   ----------------
.vers      0    00000000    00000000     COPY SECTION

.pinit     0    86200040    00000000     UNINITIALIZED

.sec_mlb_syscalls 
*          0    86001000    000000d8     UNINITIALIZED
                  86001000    000000d8     demo_calc.o64 (.sec_mlb_syscalls)

.sec_com   0    86200000    00000034     UNINITIALIZED
                  86200000    00000034     demo_calc.o64 (.sec_com)

.bss       0    86200040    00000000     UNINITIALIZED

.data      0    86200040    00000000     UNINITIALIZED

.stack     0    86200040    00001000     UNINITIALIZED
                  86200040    00000008     rts64plus.lib : boot.obj (.stack)
                  86200048    00000ff8     --HOLE--

.text      0    86201040    000005a0     
                  86201040    000000e0     rts64plus.lib : divi.obj (.text:__divi)
                  86201120    000000e0     demo_calc.o64 (.text)
                  86201200    000000c0     rts64plus.lib : autoinit.obj (.text:__auto_init)
                  862012c0    000000c0                   : exit.obj (.text:_exit)
                  86201380    000000a0                   : cpy_tbl.obj (.text:_copy_in)
                  86201420    000000a0                   : memcpy64.obj (.text:_memcpy)
                  862014c0    00000060                   : cpp_init.obj (.text:___TI_cpp_init)
                  86201520    00000060                   : boot.obj (.text:_c_int00)
                  86201580    00000040                   : args_main.obj (.text:__args_main)
                  862015c0    00000020                   : exit.obj (.text:_abort)

.cinit     0    862015e0    0000005c     
                  862015e0    0000002c     rts64plus.lib : exit.obj (.cinit)
                  8620160c    00000004     --HOLE-- [fill = 0]
                  86201610    00000022     demo_calc.o64 (.cinit)
                  86201632    00000006     --HOLE-- [fill = 0]
                  86201638    00000004     (.pad.cinit) [fill = 0]

.switch    0    8620163c    00000010     
                  8620163c    00000010     demo_calc.o64 (.switch:_loc_exec)

.far       0    8620164c    0000000c     UNINITIALIZED
                  8620164c    0000000c     rts64plus.lib : exit.obj (.far)


GLOBAL SYMBOLS: SORTED ALPHABETICALLY BY Name 

address    name
--------   ----
86200040   $bss
86200040   .bss
86200040   .data
86201040   .text
862015c0   C$$EXIT
86200040   GBL_stackbeg
8620103f   GBL_stackend
86201038   _HWI_STKBOTTOM
86200040   _HWI_STKTOP
86201040   __STACK_END
00001000   __STACK_SIZE
00000001   __TI_args_main
862014c0   ___TI_cpp_init
86201654   ___TI_enable_exit_profile_output
ffffffff   ___TI_pprof_out_hndl
ffffffff   ___TI_prof_data_size
ffffffff   ___TI_prof_data_start
ffffffff   ___binit__
86200040   ___bss__
ffffffff   ___c_args__
862015e0   ___cinit__
86200040   ___data__
86200040   ___edata__
86200040   ___end__
862015e0   ___etext__
ffffffff   ___pinit__
86201040   ___text__
86201580   __args_main
86201200   __auto_init
86201040   __c6xabi_divi
8620164c   __cleanup_ptr
86201040   __divi
86201650   __dtors_ptr
86200040   __stack
862015c0   _abort
86201520   _c_int00
86200000   _component_demo_calc
86201380   _copy_in
862012c0   _exit
862011e0   _main
86201420   _memcpy
86001000   _syscalls
ffffffff   binit
862015e0   cinit
86200040   edata
86200040   end
862015e0   etext
ffffffff   pinit


GLOBAL SYMBOLS: SORTED BY Symbol Address 

address    name
--------   ----
00000001   __TI_args_main
00001000   __STACK_SIZE
86001000   _syscalls
86200000   _component_demo_calc
86200040   $bss
86200040   .bss
86200040   .data
86200040   GBL_stackbeg
86200040   _HWI_STKTOP
86200040   ___bss__
86200040   ___data__
86200040   ___edata__
86200040   ___end__
86200040   __stack
86200040   edata
86200040   end
86201038   _HWI_STKBOTTOM
8620103f   GBL_stackend
86201040   .text
86201040   __STACK_END
86201040   ___text__
86201040   __c6xabi_divi
86201040   __divi
862011e0   _main
86201200   __auto_init
862012c0   _exit
86201380   _copy_in
86201420   _memcpy
862014c0   ___TI_cpp_init
86201520   _c_int00
86201580   __args_main
862015c0   C$$EXIT
862015c0   _abort
862015e0   ___cinit__
862015e0   ___etext__
862015e0   cinit
862015e0   etext
8620164c   __cleanup_ptr
86201650   __dtors_ptr
86201654   ___TI_enable_exit_profile_output
ffffffff   ___TI_pprof_out_hndl
ffffffff   ___TI_prof_data_size
ffffffff   ___TI_prof_data_start
ffffffff   ___binit__
ffffffff   ___c_args__
ffffffff   ___pinit__
ffffffff   binit
ffffffff   pinit

[48 symbols]
