******************************************************************************
               TMS320C6x Linker Unix v7.4.5                    
******************************************************************************
>> Linked Wed Dec 11 23:05:16 2013

OUTPUT FILE NAME:   <demo_fractal_area3.out>
ENTRY POINT SYMBOL: "_c_int00"  address: 86301860


MEMORY CONFIGURATION

         name            origin    length      used     unused   attr    fill
----------------------  --------  ---------  --------  --------  ----  --------
  L1DSRAM               10f04000   0000c000  00000000  0000c000  RWIX
  MLB_SYSCALLS          86001000   00001000  000000d8  00000f28  RWIX
  AREA_COM              86300000   00000040  00000034  0000000c  RWIX
  AREA_RAM              86300040   000fffc0  000020dc  000fdee4  RWIX


SECTION ALLOCATION MAP

 output                                  attributes/
section   page    origin      length       input sections
--------  ----  ----------  ----------   ----------------
.vers      0    00000000    00000000     COPY SECTION

.pinit     0    86300040    00000000     UNINITIALIZED

.sec_mlb_syscalls 
*          0    86001000    000000d8     UNINITIALIZED
                  86001000    000000d8     demo_fractal.o64 (.sec_mlb_syscalls)

.sec_com   0    86300000    00000034     UNINITIALIZED
                  86300000    00000034     demo_fractal.o64 (.sec_com)

.bss       0    86300040    00000000     UNINITIALIZED

.data      0    86300040    00000000     UNINITIALIZED

.stack     0    86300040    00001000     UNINITIALIZED
                  86300040    00000008     rts64plus.lib : boot.obj (.stack)
                  86300048    00000ff8     --HOLE--

.text      0    86301040    00000980     
                  86301040    00000340     demo_fractal.o64 (.text)
                  86301380    00000100     IQmath_c64x+.lib : IQNdiv.obj (.text)
                  86301480    000000c0     rts64plus.lib : autoinit.obj (.text:__auto_init)
                  86301540    000000c0                   : exit.obj (.text:_exit)
                  86301600    000000c0     fastrts64x.lib : mpysp.obj (.text)
                  863016c0    000000a0     rts64plus.lib : cpy_tbl.obj (.text:_copy_in)
                  86301760    000000a0                   : memcpy64.obj (.text:_memcpy)
                  86301800    00000060                   : cpp_init.obj (.text:___TI_cpp_init)
                  86301860    00000060                   : boot.obj (.text:_c_int00)
                  863018c0    00000060     fastrts64x.lib : spint.obj (.text)
                  86301920    00000040     rts64plus.lib : args_main.obj (.text:__args_main)
                  86301960    00000040     fastrts64x.lib : uintsp.obj (.text)
                  863019a0    00000020     rts64plus.lib : exit.obj (.text:_abort)

.const     0    863019c0    00000404     
                  863019c0    00000404     IQmath_RAM_c64x+.lib : IQmathTables.obj (.const:_IQdivTable)

.cinit     0    86301dc8    000001e4     
                  86301dc8    00000188     IQmath_RAM_c64x+.lib : IQmathTables.obj (.cinit)
                  86301f50    0000002c     rts64plus.lib : exit.obj (.cinit)
                  86301f7c    00000004     --HOLE-- [fill = 0]
                  86301f80    00000025     demo_fractal.o64 (.cinit)
                  86301fa5    00000003     --HOLE-- [fill = 0]
                  86301fa8    00000004     (.pad.cinit) [fill = 0]

.far       0    86301fb0    00000174     UNINITIALIZED
                  86301fb0    00000168     IQmath_RAM_c64x+.lib : IQmathTables.obj (.far)
                  86302118    0000000c     rts64plus.lib : exit.obj (.far)


GLOBAL SYMBOLS: SORTED ALPHABETICALLY BY Name 

address    name
--------   ----
86300040   $bss
86300040   .bss
86300040   .data
86301040   .text
863019a0   C$$EXIT
86300040   GBL_stackbeg
8630103f   GBL_stackend
86301038   _HWI_STKBOTTOM
86300040   _HWI_STKTOP
863019c0   _IQdivTable
863020a0   _IQexpTableCoeff
86301fb0   _IQexpTableMinMax
863020f0   _IQlogTableCoeff
863020c8   _IQlog_TableCoeff
86301380   __IQNdiv
86301040   __STACK_END
00001000   __STACK_SIZE
00000001   __TI_args_main
86301800   ___TI_cpp_init
86302120   ___TI_enable_exit_profile_output
ffffffff   ___TI_pprof_out_hndl
ffffffff   ___TI_prof_data_size
ffffffff   ___TI_prof_data_start
ffffffff   ___binit__
86300040   ___bss__
ffffffff   ___c_args__
86301dc8   ___cinit__
86300040   ___data__
86300040   ___edata__
86300040   ___end__
863019c0   ___etext__
ffffffff   ___pinit__
86301040   ___text__
86301920   __args_main
86301480   __auto_init
86302118   __cleanup_ptr
8630211c   __dtors_ptr
863018c0   __fixfi
86301960   __fltuf
86301600   __mpyf
86300040   __stack
863019a0   _abort
86301860   _c_int00
86300000   _component_demo_fractal
863016c0   _copy_in
86301540   _exit
86301040   _main
86301760   _memcpy
86301600   _mpysp
863018c0   _spint
86001000   _syscalls
86301960   _uintsp
ffffffff   binit
86301dc8   cinit
86300040   edata
86300040   end
863019c0   etext
ffffffff   pinit


GLOBAL SYMBOLS: SORTED BY Symbol Address 

address    name
--------   ----
00000001   __TI_args_main
00001000   __STACK_SIZE
86001000   _syscalls
86300000   _component_demo_fractal
86300040   $bss
86300040   .bss
86300040   .data
86300040   GBL_stackbeg
86300040   _HWI_STKTOP
86300040   ___bss__
86300040   ___data__
86300040   ___edata__
86300040   ___end__
86300040   __stack
86300040   edata
86300040   end
86301038   _HWI_STKBOTTOM
8630103f   GBL_stackend
86301040   .text
86301040   __STACK_END
86301040   ___text__
86301040   _main
86301380   __IQNdiv
86301480   __auto_init
86301540   _exit
86301600   __mpyf
86301600   _mpysp
863016c0   _copy_in
86301760   _memcpy
86301800   ___TI_cpp_init
86301860   _c_int00
863018c0   __fixfi
863018c0   _spint
86301920   __args_main
86301960   __fltuf
86301960   _uintsp
863019a0   C$$EXIT
863019a0   _abort
863019c0   _IQdivTable
863019c0   ___etext__
863019c0   etext
86301dc8   ___cinit__
86301dc8   cinit
86301fb0   _IQexpTableMinMax
863020a0   _IQexpTableCoeff
863020c8   _IQlog_TableCoeff
863020f0   _IQlogTableCoeff
86302118   __cleanup_ptr
8630211c   __dtors_ptr
86302120   ___TI_enable_exit_profile_output
ffffffff   ___TI_pprof_out_hndl
ffffffff   ___TI_prof_data_size
ffffffff   ___TI_prof_data_start
ffffffff   ___binit__
ffffffff   ___c_args__
ffffffff   ___pinit__
ffffffff   binit
ffffffff   pinit

[58 symbols]
