******************************************************************************
               TMS320C6x Linker Unix v7.4.5                    
******************************************************************************
>> Linked Fri Jan 17 15:11:49 2014

OUTPUT FILE NAME:   <demo_checksum_area2_3.out>
ENTRY POINT SYMBOL: "_c_int00"  address: 86281b60


MEMORY CONFIGURATION

         name            origin    length      used     unused   attr    fill
----------------------  --------  ---------  --------  --------  ----  --------
  L1DSRAM               10f04000   0000c000  00000000  0000c000  RWIX
  MLB_SYSCALLS          86001000   00001000  000000d8  00000f28  RWIX
  AREA_COM              86280000   00000040  00000034  0000000c  RWIX
  AREA_RAM              86280040   0003ffc0  00001c80  0003e340  RWIX


SECTION ALLOCATION MAP

 output                                  attributes/
section   page    origin      length       input sections
--------  ----  ----------  ----------   ----------------
.vers      0    00000000    00000000     COPY SECTION

.pinit     0    86280040    00000000     UNINITIALIZED

.sec_mlb_syscalls 
*          0    86001000    000000d8     UNINITIALIZED
                  86001000    000000d8     demo_checksum.o64 (.sec_mlb_syscalls)

.sec_com   0    86280000    00000034     UNINITIALIZED
                  86280000    00000034     demo_checksum.o64 (.sec_com)

.bss       0    86280040    00000000     UNINITIALIZED

.data      0    86280040    00000000     UNINITIALIZED

.stack     0    86280040    00001000     UNINITIALIZED
                  86280040    00000008     rts64plus.lib : boot.obj (.stack)
                  86280048    00000ff8     --HOLE--

.text      0    86281040    00000be0     
                  86281040    00000800     demo_checksum.o64 (.text)
                  86281840    000000c0     rts64plus.lib : autoinit.obj (.text:__auto_init)
                  86281900    000000c0                   : exit.obj (.text:_exit)
                  862819c0    000000a0                   : cpy_tbl.obj (.text:_copy_in)
                  86281a60    000000a0                   : memcpy64.obj (.text:_memcpy)
                  86281b00    00000060                   : cpp_init.obj (.text:___TI_cpp_init)
                  86281b60    00000060                   : boot.obj (.text:_c_int00)
                  86281bc0    00000040                   : args_main.obj (.text:__args_main)
                  86281c00    00000020                   : exit.obj (.text:_abort)

.cinit     0    86281c20    0000006c     
                  86281c20    00000036     demo_checksum.o64 (.cinit)
                  86281c56    00000002     --HOLE-- [fill = 0]
                  86281c58    0000002c     rts64plus.lib : exit.obj (.cinit)
                  86281c84    00000004     --HOLE-- [fill = 0]
                  86281c88    00000004     (.pad.cinit) [fill = 0]

.switch    0    86281c8c    00000024     
                  86281c8c    00000024     demo_checksum.o64 (.switch:_loc_exec)

.far       0    86281cb0    00000010     UNINITIALIZED
                  86281cb0    0000000c     rts64plus.lib : exit.obj (.far)
                  86281cbc    00000004     demo_checksum.o64 (.far)


GLOBAL SYMBOLS: SORTED ALPHABETICALLY BY Name 

address    name
--------   ----
86280040   $bss
86280040   .bss
86280040   .data
86281040   .text
86281c00   C$$EXIT
86280040   GBL_stackbeg
8628103f   GBL_stackend
86281038   _HWI_STKBOTTOM
86280040   _HWI_STKTOP
86281040   __STACK_END
00001000   __STACK_SIZE
00000001   __TI_args_main
86281b00   ___TI_cpp_init
86281cb8   ___TI_enable_exit_profile_output
ffffffff   ___TI_pprof_out_hndl
ffffffff   ___TI_prof_data_size
ffffffff   ___TI_prof_data_start
ffffffff   ___binit__
86280040   ___bss__
ffffffff   ___c_args__
86281c20   ___cinit__
86280040   ___data__
86280040   ___edata__
86280040   ___end__
86281c20   ___etext__
ffffffff   ___pinit__
86281040   ___text__
86281bc0   __args_main
86281840   __auto_init
86281cb0   __cleanup_ptr
86281cb4   __dtors_ptr
86280040   __stack
86281c00   _abort
86281b60   _c_int00
86280000   _component_demo_checksum
862819c0   _copy_in
86281900   _exit
86281834   _main
86281a60   _memcpy
86001000   _syscalls
ffffffff   binit
86281c20   cinit
86280040   edata
86280040   end
86281c20   etext
ffffffff   pinit


GLOBAL SYMBOLS: SORTED BY Symbol Address 

address    name
--------   ----
00000001   __TI_args_main
00001000   __STACK_SIZE
86001000   _syscalls
86280000   _component_demo_checksum
86280040   $bss
86280040   .bss
86280040   .data
86280040   GBL_stackbeg
86280040   _HWI_STKTOP
86280040   ___bss__
86280040   ___data__
86280040   ___edata__
86280040   ___end__
86280040   __stack
86280040   edata
86280040   end
86281038   _HWI_STKBOTTOM
8628103f   GBL_stackend
86281040   .text
86281040   __STACK_END
86281040   ___text__
86281834   _main
86281840   __auto_init
86281900   _exit
862819c0   _copy_in
86281a60   _memcpy
86281b00   ___TI_cpp_init
86281b60   _c_int00
86281bc0   __args_main
86281c00   C$$EXIT
86281c00   _abort
86281c20   ___cinit__
86281c20   ___etext__
86281c20   cinit
86281c20   etext
86281cb0   __cleanup_ptr
86281cb4   __dtors_ptr
86281cb8   ___TI_enable_exit_profile_output
ffffffff   ___TI_pprof_out_hndl
ffffffff   ___TI_prof_data_size
ffffffff   ___TI_prof_data_start
ffffffff   ___binit__
ffffffff   ___c_args__
ffffffff   ___pinit__
ffffffff   binit
ffffffff   pinit

[46 symbols]
