******************************************************************************
               TMS320C6x Linker Unix v7.4.5                    
******************************************************************************
>> Linked Wed Dec 11 23:05:18 2013

OUTPUT FILE NAME:   <dsprite_area2_1.out>
ENTRY POINT SYMBOL: "_c_int00"  address: 86201d60


MEMORY CONFIGURATION

         name            origin    length      used     unused   attr    fill
----------------------  --------  ---------  --------  --------  ----  --------
  L1DSRAM               10f04000   0000c000  00000000  0000c000  RWIX
  MLB_SYSCALLS          86001000   00001000  000000d8  00000f28  RWIX
  AREA_COM              86200000   00000040  00000034  0000000c  RWIX
  AREA_RAM              86200040   0003ffc0  00001e54  0003e16c  RWIX


SECTION ALLOCATION MAP

 output                                  attributes/
section   page    origin      length       input sections
--------  ----  ----------  ----------   ----------------
.vers      0    00000000    00000000     COPY SECTION

.pinit     0    86200040    00000000     UNINITIALIZED

.sec_mlb_syscalls 
*          0    86001000    000000d8     UNINITIALIZED
                  86001000    000000d8     dsprite.o64 (.sec_mlb_syscalls)

.sec_com   0    86200000    00000034     UNINITIALIZED
                  86200000    00000034     dsprite.o64 (.sec_com)

.bss       0    86200040    00000000     UNINITIALIZED

.data      0    86200040    00000000     UNINITIALIZED

.stack     0    86200040    00001000     UNINITIALIZED
                  86200040    00000008     rts64plus.lib : boot.obj (.stack)
                  86200048    00000ff8     --HOLE--

.text      0    86201040    00000de0     
                  86201040    00000a00     dsprite.o64 (.text)
                  86201a40    000000c0     rts64plus.lib : autoinit.obj (.text:__auto_init)
                  86201b00    000000c0                   : exit.obj (.text:_exit)
                  86201bc0    000000a0                   : cpy_tbl.obj (.text:_copy_in)
                  86201c60    000000a0                   : memcpy64.obj (.text:_memcpy)
                  86201d00    00000060                   : cpp_init.obj (.text:___TI_cpp_init)
                  86201d60    00000060                   : boot.obj (.text:_c_int00)
                  86201dc0    00000040                   : args_main.obj (.text:__args_main)
                  86201e00    00000020                   : exit.obj (.text:_abort)

.cinit     0    86201e20    00000054     
                  86201e20    0000002c     rts64plus.lib : exit.obj (.cinit)
                  86201e4c    00000004     --HOLE-- [fill = 0]
                  86201e50    00000020     dsprite.o64 (.cinit)
                  86201e70    00000004     --HOLE-- [fill = 0]

.switch    0    86201e74    00000014     
                  86201e74    00000014     dsprite.o64 (.switch:_loc_process)

.far       0    86201e88    0000000c     UNINITIALIZED
                  86201e88    0000000c     rts64plus.lib : exit.obj (.far)


GLOBAL SYMBOLS: SORTED ALPHABETICALLY BY Name 

address    name
--------   ----
86200040   $bss
86200040   .bss
86200040   .data
86201040   .text
86201e00   C$$EXIT
86200040   GBL_stackbeg
8620103f   GBL_stackend
86201038   _HWI_STKBOTTOM
86200040   _HWI_STKTOP
86201040   __STACK_END
00001000   __STACK_SIZE
00000001   __TI_args_main
86201d00   ___TI_cpp_init
86201e90   ___TI_enable_exit_profile_output
ffffffff   ___TI_pprof_out_hndl
ffffffff   ___TI_prof_data_size
ffffffff   ___TI_prof_data_start
ffffffff   ___binit__
86200040   ___bss__
ffffffff   ___c_args__
86201e20   ___cinit__
86200040   ___data__
86200040   ___edata__
86200040   ___end__
86201e20   ___etext__
ffffffff   ___pinit__
86201040   ___text__
86201dc0   __args_main
86201a40   __auto_init
86201e88   __cleanup_ptr
86201e8c   __dtors_ptr
86200040   __stack
86201e00   _abort
86201d60   _c_int00
86200000   _component_dsprite
86201bc0   _copy_in
86201b00   _exit
86201040   _main
86201c60   _memcpy
86001000   _syscalls
ffffffff   binit
86201e20   cinit
86200040   edata
86200040   end
86201e20   etext
ffffffff   pinit


GLOBAL SYMBOLS: SORTED BY Symbol Address 

address    name
--------   ----
00000001   __TI_args_main
00001000   __STACK_SIZE
86001000   _syscalls
86200000   _component_dsprite
86200040   $bss
86200040   .bss
86200040   .data
86200040   GBL_stackbeg
86200040   _HWI_STKTOP
86200040   ___bss__
86200040   ___data__
86200040   ___edata__
86200040   ___end__
86200040   __stack
86200040   edata
86200040   end
86201038   _HWI_STKBOTTOM
8620103f   GBL_stackend
86201040   .text
86201040   __STACK_END
86201040   ___text__
86201040   _main
86201a40   __auto_init
86201b00   _exit
86201bc0   _copy_in
86201c60   _memcpy
86201d00   ___TI_cpp_init
86201d60   _c_int00
86201dc0   __args_main
86201e00   C$$EXIT
86201e00   _abort
86201e20   ___cinit__
86201e20   ___etext__
86201e20   cinit
86201e20   etext
86201e88   __cleanup_ptr
86201e8c   __dtors_ptr
86201e90   ___TI_enable_exit_profile_output
ffffffff   ___TI_pprof_out_hndl
ffffffff   ___TI_prof_data_size
ffffffff   ___TI_prof_data_start
ffffffff   ___binit__
ffffffff   ___c_args__
ffffffff   ___pinit__
ffffffff   binit
ffffffff   pinit

[46 symbols]
