******************************************************************************
               TMS320C6x Linker Unix v7.4.5                    
******************************************************************************
>> Linked Fri Jan 17 15:11:52 2014

OUTPUT FILE NAME:   <sramtest_area2_4.out>
ENTRY POINT SYMBOL: "_c_int00"  address: 862c1de0


MEMORY CONFIGURATION

         name            origin    length      used     unused   attr    fill
----------------------  --------  ---------  --------  --------  ----  --------
  L1DSRAM               10f04000   0000c000  00000000  0000c000  RWIX
  MLB_SYSCALLS          86001000   00001000  000000d8  00000f28  RWIX
  AREA_COM              862c0000   00000040  00000034  0000000c  RWIX
  AREA_RAM              862c0040   0003ffc0  00001efc  0003e0c4  RWIX


SECTION ALLOCATION MAP

 output                                  attributes/
section   page    origin      length       input sections
--------  ----  ----------  ----------   ----------------
.vers      0    00000000    00000000     COPY SECTION

.pinit     0    862c0040    00000000     UNINITIALIZED

.sec_mlb_syscalls 
*          0    86001000    000000d8     UNINITIALIZED
                  86001000    000000d8     sramtest.o64 (.sec_mlb_syscalls)

.sec_com   0    862c0000    00000034     UNINITIALIZED
                  862c0000    00000034     sramtest.o64 (.sec_com)

.bss       0    862c0040    00000000     UNINITIALIZED

.data      0    862c0040    00000000     UNINITIALIZED

.stack     0    862c0040    00001000     UNINITIALIZED
                  862c0040    00000008     rts64plus.lib : boot.obj (.stack)
                  862c0048    00000ff8     --HOLE--

.text      0    862c1040    00000e60     
                  862c1040    00000a80     sramtest.o64 (.text)
                  862c1ac0    000000c0     rts64plus.lib : autoinit.obj (.text:__auto_init)
                  862c1b80    000000c0                   : exit.obj (.text:_exit)
                  862c1c40    000000a0                   : cpy_tbl.obj (.text:_copy_in)
                  862c1ce0    000000a0                   : memcpy64.obj (.text:_memcpy)
                  862c1d80    00000060                   : cpp_init.obj (.text:___TI_cpp_init)
                  862c1de0    00000060                   : boot.obj (.text:_c_int00)
                  862c1e40    00000040                   : args_main.obj (.text:__args_main)
                  862c1e80    00000020                   : exit.obj (.text:_abort)

.cinit     0    862c1ea0    0000005c     
                  862c1ea0    0000002c     rts64plus.lib : exit.obj (.cinit)
                  862c1ecc    00000004     --HOLE-- [fill = 0]
                  862c1ed0    00000021     sramtest.o64 (.cinit)
                  862c1ef1    00000007     --HOLE-- [fill = 0]
                  862c1ef8    00000004     (.pad.cinit) [fill = 0]

.switch    0    862c1efc    00000034     
                  862c1efc    00000034     sramtest.o64 (.switch:_loc_exec)

.far       0    862c1f30    0000000c     UNINITIALIZED
                  862c1f30    0000000c     rts64plus.lib : exit.obj (.far)


GLOBAL SYMBOLS: SORTED ALPHABETICALLY BY Name 

address    name
--------   ----
862c0040   $bss
862c0040   .bss
862c0040   .data
862c1040   .text
862c1e80   C$$EXIT
862c0040   GBL_stackbeg
862c103f   GBL_stackend
862c1038   _HWI_STKBOTTOM
862c0040   _HWI_STKTOP
862c1040   __STACK_END
00001000   __STACK_SIZE
00000001   __TI_args_main
862c1d80   ___TI_cpp_init
862c1f38   ___TI_enable_exit_profile_output
ffffffff   ___TI_pprof_out_hndl
ffffffff   ___TI_prof_data_size
ffffffff   ___TI_prof_data_start
ffffffff   ___binit__
862c0040   ___bss__
ffffffff   ___c_args__
862c1ea0   ___cinit__
862c0040   ___data__
862c0040   ___edata__
862c0040   ___end__
862c1ea0   ___etext__
ffffffff   ___pinit__
862c1040   ___text__
862c1e40   __args_main
862c1ac0   __auto_init
862c1f30   __cleanup_ptr
862c1f34   __dtors_ptr
862c0040   __stack
862c1e80   _abort
862c1de0   _c_int00
862c0000   _component_sramtest
862c1c40   _copy_in
862c1b80   _exit
862c1040   _main
862c1ce0   _memcpy
86001000   _syscalls
ffffffff   binit
862c1ea0   cinit
862c0040   edata
862c0040   end
862c1ea0   etext
ffffffff   pinit


GLOBAL SYMBOLS: SORTED BY Symbol Address 

address    name
--------   ----
00000001   __TI_args_main
00001000   __STACK_SIZE
86001000   _syscalls
862c0000   _component_sramtest
862c0040   $bss
862c0040   .bss
862c0040   .data
862c0040   GBL_stackbeg
862c0040   _HWI_STKTOP
862c0040   ___bss__
862c0040   ___data__
862c0040   ___edata__
862c0040   ___end__
862c0040   __stack
862c0040   edata
862c0040   end
862c1038   _HWI_STKBOTTOM
862c103f   GBL_stackend
862c1040   .text
862c1040   __STACK_END
862c1040   ___text__
862c1040   _main
862c1ac0   __auto_init
862c1b80   _exit
862c1c40   _copy_in
862c1ce0   _memcpy
862c1d80   ___TI_cpp_init
862c1de0   _c_int00
862c1e40   __args_main
862c1e80   C$$EXIT
862c1e80   _abort
862c1ea0   ___cinit__
862c1ea0   ___etext__
862c1ea0   cinit
862c1ea0   etext
862c1f30   __cleanup_ptr
862c1f34   __dtors_ptr
862c1f38   ___TI_enable_exit_profile_output
ffffffff   ___TI_pprof_out_hndl
ffffffff   ___TI_prof_data_size
ffffffff   ___TI_prof_data_start
ffffffff   ___binit__
ffffffff   ___c_args__
ffffffff   ___pinit__
ffffffff   binit
ffffffff   pinit

[46 symbols]
