******************************************************************************
               TMS320C6x Linker Unix v7.4.5                    
******************************************************************************
>> Linked Fri Jan 17 15:11:50 2014

OUTPUT FILE NAME:   <nops_area2_2.out>
ENTRY POINT SYMBOL: "_c_int00"  address: 86241580


MEMORY CONFIGURATION

         name            origin    length      used     unused   attr    fill
----------------------  --------  ---------  --------  --------  ----  --------
  L1DSRAM               10f04000   0000c000  00000000  0000c000  RWIX
  MLB_SYSCALLS          86001000   00001000  000000d8  00000f28  RWIX
  AREA_COM              86240000   00000040  00000034  0000000c  RWIX
  AREA_RAM              86240040   0003ffc0  000026c0  0003d900  RWIX


SECTION ALLOCATION MAP

 output                                  attributes/
section   page    origin      length       input sections
--------  ----  ----------  ----------   ----------------
.vers      0    00000000    00000000     COPY SECTION

.pinit     0    86240040    00000000     UNINITIALIZED

.sec_mlb_syscalls 
*          0    86001000    000000d8     UNINITIALIZED
                  86001000    000000d8     main.o64 (.sec_mlb_syscalls)

.sec_com   0    86240000    00000034     UNINITIALIZED
                  86240000    00000034     main.o64 (.sec_com)

.bss       0    86240040    00000000     UNINITIALIZED

.data      0    86240040    00000000     UNINITIALIZED

.text      0    86240040    00001660     
                  86240040    00001220     nops.o64 (.text)
                  86241260    000000c0     rts64plus.lib : autoinit.obj (.text:__auto_init)
                  86241320    000000c0                   : exit.obj (.text:_exit)
                  862413e0    000000a0                   : cpy_tbl.obj (.text:_copy_in)
                  86241480    000000a0                   : memcpy64.obj (.text:_memcpy)
                  86241520    00000060                   : cpp_init.obj (.text:___TI_cpp_init)
                  86241580    00000060                   : boot.obj (.text:_c_int00)
                  862415e0    00000060     main.o64 (.text)
                  86241640    00000040     rts64plus.lib : args_main.obj (.text:__args_main)
                  86241680    00000020                   : exit.obj (.text:_abort)

.stack     0    862416a0    00001000     UNINITIALIZED
                  862416a0    00000008     rts64plus.lib : boot.obj (.stack)
                  862416a8    00000ff8     --HOLE--

.cinit     0    862426a0    00000054     
                  862426a0    0000002c     rts64plus.lib : exit.obj (.cinit)
                  862426cc    00000004     --HOLE-- [fill = 0]
                  862426d0    0000001d     main.o64 (.cinit)
                  862426ed    00000003     --HOLE-- [fill = 0]
                  862426f0    00000004     (.pad.cinit) [fill = 0]

.far       0    862426f4    0000000c     UNINITIALIZED
                  862426f4    0000000c     rts64plus.lib : exit.obj (.far)


GLOBAL SYMBOLS: SORTED ALPHABETICALLY BY Name 

address    name
--------   ----
86240040   $bss
86240040   .bss
86240040   .data
86240040   .text
86241680   C$$EXIT
862416a0   GBL_stackbeg
8624269f   GBL_stackend
86242698   _HWI_STKBOTTOM
862416a0   _HWI_STKTOP
862426a0   __STACK_END
00001000   __STACK_SIZE
00000001   __TI_args_main
86241520   ___TI_cpp_init
862426fc   ___TI_enable_exit_profile_output
ffffffff   ___TI_pprof_out_hndl
ffffffff   ___TI_prof_data_size
ffffffff   ___TI_prof_data_start
ffffffff   ___binit__
86240040   ___bss__
ffffffff   ___c_args__
862426a0   ___cinit__
86240040   ___data__
86240040   ___edata__
86240040   ___end__
862416a0   ___etext__
ffffffff   ___pinit__
86240040   ___text__
86241640   __args_main
86241260   __auto_init
862426f4   __cleanup_ptr
862426f8   __dtors_ptr
862416a0   __stack
86241680   _abort
86241580   _c_int00
86240000   _component_nops
862413e0   _copy_in
86241320   _exit
862415e0   _main
86241480   _memcpy
86240040   _nops
86001000   _syscalls
ffffffff   binit
862426a0   cinit
86240040   edata
86240040   end
862416a0   etext
ffffffff   pinit


GLOBAL SYMBOLS: SORTED BY Symbol Address 

address    name
--------   ----
00000001   __TI_args_main
00001000   __STACK_SIZE
86001000   _syscalls
86240000   _component_nops
86240040   $bss
86240040   .bss
86240040   .data
86240040   .text
86240040   ___bss__
86240040   ___data__
86240040   ___edata__
86240040   ___end__
86240040   ___text__
86240040   _nops
86240040   edata
86240040   end
86241260   __auto_init
86241320   _exit
862413e0   _copy_in
86241480   _memcpy
86241520   ___TI_cpp_init
86241580   _c_int00
862415e0   _main
86241640   __args_main
86241680   C$$EXIT
86241680   _abort
862416a0   GBL_stackbeg
862416a0   _HWI_STKTOP
862416a0   ___etext__
862416a0   __stack
862416a0   etext
86242698   _HWI_STKBOTTOM
8624269f   GBL_stackend
862426a0   __STACK_END
862426a0   ___cinit__
862426a0   cinit
862426f4   __cleanup_ptr
862426f8   __dtors_ptr
862426fc   ___TI_enable_exit_profile_output
ffffffff   ___TI_pprof_out_hndl
ffffffff   ___TI_prof_data_size
ffffffff   ___TI_prof_data_start
ffffffff   ___binit__
ffffffff   ___c_args__
ffffffff   ___pinit__
ffffffff   binit
ffffffff   pinit

[47 symbols]
