******************************************************************************
               TMS320C6x Linker Unix v7.4.5                    
******************************************************************************
>> Linked Fri Jan 30 12:46:34 2015

OUTPUT FILE NAME:   <nops_area2_3.out>
ENTRY POINT SYMBOL: "_c_int00"  address: 86281580


MEMORY CONFIGURATION

         name            origin    length      used     unused   attr    fill
----------------------  --------  ---------  --------  --------  ----  --------
  L1DSRAM               10f04000   0000c000  00000000  0000c000  RWIX
  MLB_SYSCALLS          86001000   00001000  000000d8  00000f28  RWIX
  AREA_COM              86280000   00000040  00000034  0000000c  RWIX
  AREA_RAM              86280040   0003ffc0  000026c0  0003d900  RWIX


SECTION ALLOCATION MAP

 output                                  attributes/
section   page    origin      length       input sections
--------  ----  ----------  ----------   ----------------
.vers      0    00000000    00000000     COPY SECTION

.pinit     0    86280040    00000000     UNINITIALIZED

.sec_mlb_syscalls 
*          0    86001000    000000d8     UNINITIALIZED
                  86001000    000000d8     main.o64 (.sec_mlb_syscalls)

.sec_com   0    86280000    00000034     UNINITIALIZED
                  86280000    00000034     main.o64 (.sec_com)

.bss       0    86280040    00000000     UNINITIALIZED

.data      0    86280040    00000000     UNINITIALIZED

.text      0    86280040    00001660     
                  86280040    00001220     nops.o64 (.text)
                  86281260    000000c0     rts64plus.lib : autoinit.obj (.text:__auto_init)
                  86281320    000000c0                   : exit.obj (.text:_exit)
                  862813e0    000000a0                   : cpy_tbl.obj (.text:_copy_in)
                  86281480    000000a0                   : memcpy64.obj (.text:_memcpy)
                  86281520    00000060                   : cpp_init.obj (.text:___TI_cpp_init)
                  86281580    00000060                   : boot.obj (.text:_c_int00)
                  862815e0    00000060     main.o64 (.text)
                  86281640    00000040     rts64plus.lib : args_main.obj (.text:__args_main)
                  86281680    00000020                   : exit.obj (.text:_abort)

.stack     0    862816a0    00001000     UNINITIALIZED
                  862816a0    00000008     rts64plus.lib : boot.obj (.stack)
                  862816a8    00000ff8     --HOLE--

.cinit     0    862826a0    00000054     
                  862826a0    0000002c     rts64plus.lib : exit.obj (.cinit)
                  862826cc    00000004     --HOLE-- [fill = 0]
                  862826d0    0000001d     main.o64 (.cinit)
                  862826ed    00000003     --HOLE-- [fill = 0]
                  862826f0    00000004     (.pad.cinit) [fill = 0]

.far       0    862826f4    0000000c     UNINITIALIZED
                  862826f4    0000000c     rts64plus.lib : exit.obj (.far)


GLOBAL SYMBOLS: SORTED ALPHABETICALLY BY Name 

address    name
--------   ----
86280040   $bss
86280040   .bss
86280040   .data
86280040   .text
86281680   C$$EXIT
862816a0   GBL_stackbeg
8628269f   GBL_stackend
86282698   _HWI_STKBOTTOM
862816a0   _HWI_STKTOP
862826a0   __STACK_END
00001000   __STACK_SIZE
00000001   __TI_args_main
86281520   ___TI_cpp_init
862826fc   ___TI_enable_exit_profile_output
ffffffff   ___TI_pprof_out_hndl
ffffffff   ___TI_prof_data_size
ffffffff   ___TI_prof_data_start
ffffffff   ___binit__
86280040   ___bss__
ffffffff   ___c_args__
862826a0   ___cinit__
86280040   ___data__
86280040   ___edata__
86280040   ___end__
862816a0   ___etext__
ffffffff   ___pinit__
86280040   ___text__
86281640   __args_main
86281260   __auto_init
862826f4   __cleanup_ptr
862826f8   __dtors_ptr
862816a0   __stack
86281680   _abort
86281580   _c_int00
86280000   _component_nops
862813e0   _copy_in
86281320   _exit
862815e0   _main
86281480   _memcpy
86280040   _nops
86001000   _syscalls
ffffffff   binit
862826a0   cinit
86280040   edata
86280040   end
862816a0   etext
ffffffff   pinit


GLOBAL SYMBOLS: SORTED BY Symbol Address 

address    name
--------   ----
00000001   __TI_args_main
00001000   __STACK_SIZE
86001000   _syscalls
86280000   _component_nops
86280040   $bss
86280040   .bss
86280040   .data
86280040   .text
86280040   ___bss__
86280040   ___data__
86280040   ___edata__
86280040   ___end__
86280040   ___text__
86280040   _nops
86280040   edata
86280040   end
86281260   __auto_init
86281320   _exit
862813e0   _copy_in
86281480   _memcpy
86281520   ___TI_cpp_init
86281580   _c_int00
862815e0   _main
86281640   __args_main
86281680   C$$EXIT
86281680   _abort
862816a0   GBL_stackbeg
862816a0   _HWI_STKTOP
862816a0   ___etext__
862816a0   __stack
862816a0   etext
86282698   _HWI_STKBOTTOM
8628269f   GBL_stackend
862826a0   __STACK_END
862826a0   ___cinit__
862826a0   cinit
862826f4   __cleanup_ptr
862826f8   __dtors_ptr
862826fc   ___TI_enable_exit_profile_output
ffffffff   ___TI_pprof_out_hndl
ffffffff   ___TI_prof_data_size
ffffffff   ___TI_prof_data_start
ffffffff   ___binit__
ffffffff   ___c_args__
ffffffff   ___pinit__
ffffffff   binit
ffffffff   pinit

[47 symbols]
